gplink-1.5.0 #1284 (Nov  8 2021)
Map File - Created 02/25/22  18:07:23

                                 Section Info
                  Section       Type    Address   Location Size(Bytes)
                ---------  ---------  ---------  ---------  ---------
              ID_main_0_i    romdata   0x000002    program   0x000002
              ID_main_3_i    romdata   0x000003    program   0x000002
                   .cinit    romdata   0x00024d    program   0x000040
              ID_main_1_i    romdata   0x000339    program   0x00000a
              ID_main_2_i    romdata   0x00033e    program   0x00000a
             ID_idata_0_i    romdata   0x000343    program   0x000002
                  STARTUP       code   0x000000    program   0x000004
              c_interrupt       code   0x000004    program   0x000158
S_idata___sdcc_gsinit_startup       code   0x0000b0    program   0x000108
          S_main__adc_get       code   0x000134    program   0x0000ac
       S_main__AdjustGear       code   0x00018a    program   0x000074
                    .code       code   0x0001c4    program   0x000068
         S_main__ChIntput       code   0x0001f8    program   0x000056
        S_main__SleepMode       code   0x000223    program   0x000054
        S_main__batt_test       code   0x00026d    program   0x000034
         S_main__RedFlash       code   0x000287    program   0x000034
          S_main__KeyScan       code   0x0002a1    program   0x000034
         S_inital__inital       code   0x0002bb    program   0x000032
             S_main__main       code   0x0002d4    program   0x000032
     S_inital__sysinitial       code   0x0002ed    program   0x00002e
          S_main__DelayMs       code   0x000304    program   0x00002e
        S_main__initValue       code   0x00031b    program   0x000028
        S_main__DelayUs2x       code   0x00032f    program   0x000014
                ID_main_1      idata   0x00002a       data   0x000005
                ID_main_2      idata   0x00002f       data   0x000005
                ID_main_0      idata   0x0000a3       data   0x000001
                ID_main_3      idata   0x0000a4       data   0x000001
               ID_idata_0      idata   0x0000a5       data   0x000001
      UD_abs_pic18p110l_0      udata   0x000000       data   0x000001
      UD_abs_pic18p110l_1      udata   0x000001       data   0x000001
      UD_abs_pic18p110l_2      udata   0x000002       data   0x000001
      UD_abs_pic18p110l_3      udata   0x000003       data   0x000001
      UD_abs_pic18p110l_4      udata   0x000004       data   0x000001
      UD_abs_pic18p110l_5      udata   0x000005       data   0x000001
      UD_abs_pic18p110l_6      udata   0x000006       data   0x000001
      UD_abs_pic18p110l_a      udata   0x00000a       data   0x000001
      UD_abs_pic18p110l_b      udata   0x00000b       data   0x000001
      UD_abs_pic18p110l_c      udata   0x00000c       data   0x000001
      UD_abs_pic18p110l_d      udata   0x00000d       data   0x000001
      UD_abs_pic18p110l_e      udata   0x00000e       data   0x000001
      UD_abs_pic18p110l_f      udata   0x00000f       data   0x000001
     UD_abs_pic18p110l_10      udata   0x000010       data   0x000001
     UD_abs_pic18p110l_11      udata   0x000011       data   0x000001
     UD_abs_pic18p110l_12      udata   0x000012       data   0x000001
     UD_abs_pic18p110l_13      udata   0x000013       data   0x000001
     UD_abs_pic18p110l_14      udata   0x000014       data   0x000001
     UD_abs_pic18p110l_15      udata   0x000015       data   0x000001
     UD_abs_pic18p110l_16      udata   0x000016       data   0x000001
     UD_abs_pic18p110l_17      udata   0x000017       data   0x000001
     UD_abs_pic18p110l_18      udata   0x000018       data   0x000001
     UD_abs_pic18p110l_19      udata   0x000019       data   0x000001
     UD_abs_pic18p110l_1b      udata   0x00001b       data   0x000001
     UD_abs_pic18p110l_1c      udata   0x00001c       data   0x000001
     UD_abs_pic18p110l_1d      udata   0x00001d       data   0x000001
     UD_abs_pic18p110l_1e      udata   0x00001e       data   0x000001
     UD_abs_pic18p110l_1f      udata   0x00001f       data   0x000001
               UDL_main_0      udata   0x000020       data   0x00000a
                UD_main_0      udata   0x000034       data   0x000002
                UD_main_1      udata   0x000036       data   0x000002
                UD_main_2      udata   0x000038       data   0x000001
                UD_main_3      udata   0x000039       data   0x000001
                UD_main_4      udata   0x00003a       data   0x000001
                UD_main_5      udata   0x00003b       data   0x000001
                UD_main_6      udata   0x00003c       data   0x000001
                UD_main_7      udata   0x00003d       data   0x000001
                UD_main_8      udata   0x00003e       data   0x000001
                sharebank      udata   0x000040       data   0x000010
     UD_abs_pic18p110l_81      udata   0x000081       data   0x000001
     UD_abs_pic18p110l_85      udata   0x000085       data   0x000001
     UD_abs_pic18p110l_86      udata   0x000086       data   0x000001
     UD_abs_pic18p110l_87      udata   0x000087       data   0x000001
     UD_abs_pic18p110l_8c      udata   0x00008c       data   0x000001
     UD_abs_pic18p110l_8d      udata   0x00008d       data   0x000001
     UD_abs_pic18p110l_8e      udata   0x00008e       data   0x000001
     UD_abs_pic18p110l_8f      udata   0x00008f       data   0x000001
     UD_abs_pic18p110l_90      udata   0x000090       data   0x000001
     UD_abs_pic18p110l_92      udata   0x000092       data   0x000001
     UD_abs_pic18p110l_93      udata   0x000093       data   0x000001
     UD_abs_pic18p110l_94      udata   0x000094       data   0x000001
     UD_abs_pic18p110l_95      udata   0x000095       data   0x000001
     UD_abs_pic18p110l_96      udata   0x000096       data   0x000001
     UD_abs_pic18p110l_97      udata   0x000097       data   0x000001
     UD_abs_pic18p110l_98      udata   0x000098       data   0x000001
     UD_abs_pic18p110l_9d      udata   0x00009d       data   0x000001
     UD_abs_pic18p110l_9e      udata   0x00009e       data   0x000001
     UD_abs_pic18p110l_9f      udata   0x00009f       data   0x000001
                UD_main_9      udata   0x0000a0       data   0x000001
               UD_main_10      udata   0x0000a1       data   0x000001
               UD_main_11      udata   0x0000a2       data   0x000001
          UD_shadowregs_0      udata   0x0000a6       data   0x000001



                              Program Memory Usage
                               Start         End
                           ---------   ---------
                            0x0002ed    0x000303
                            0x0002bb    0x0002d3
                            0x000002    0x000002
                            0x000339    0x00033d
                            0x00033e    0x000342
                            0x000003    0x000003
                            0x000000    0x000001
                            0x000004    0x0000af
                            0x0002d4    0x0002ec
                            0x00031b    0x00032e
                            0x000223    0x00024c
                            0x00026d    0x000286
                            0x0001f8    0x000222
                            0x00018a    0x0001c3
                            0x000287    0x0002a0
                            0x0002a1    0x0002ba
                            0x000134    0x000189
                            0x000304    0x00031a
                            0x00032f    0x000338
                            0x000343    0x000343
                            0x0000b0    0x000133
                            0x0001c4    0x0001f7
                            0x00024d    0x00026c
                            836 program addresses used



                              Symbols - Sorted by Name
                     Name    Address   Location    Storage File
                ---------  ---------  ---------  --------- ---------
         END_OF_INTERRUPT   0x0000af    program     static main.asm
                    PSAVE   0x000040       data     extern main.asm
                    SSAVE   0x000041       data     extern main.asm
                    STK00   0x00004f       data     extern main.asm
                    STK01   0x00004e       data     extern main.asm
                    STK02   0x00004d       data     extern main.asm
                    STK03   0x00004c       data     extern main.asm
                    STK04   0x00004b       data     extern main.asm
                    STK05   0x00004a       data     extern main.asm
                    STK06   0x000049       data     extern main.asm
                    STK07   0x000048       data     extern main.asm
                    STK08   0x000047       data     extern main.asm
                    STK09   0x000046       data     extern main.asm
                    STK10   0x000045       data     extern main.asm
                    STK11   0x000044       data     extern main.asm
                    STK12   0x000043       data     extern main.asm
                    WSAVE   0x000042       data     extern main.asm
               _00001_DS_   0x0001bc    program     static main.asm
               _00002_DS_   0x0001c3    program     static main.asm
               _00003_DS_   0x000291    program     static main.asm
               _00004_DS_   0x000295    program     static main.asm
               _00005_DS_   0x000175    program     static main.asm
               _00105_DS_   0x000100    program     static ../libsdcc_a-idata.asm
               _00105_DS_   0x000331    program     static main.asm
               _00107_DS_   0x00012b    program     static ../libsdcc_a-idata.asm
               _00108_DS_   0x0000bf    program     static ../libsdcc_a-idata.asm
               _00110_DS_   0x000308    program     static main.asm
               _00110_DS_   0x000132    program     static ../libsdcc_a-idata.asm
               _00113_DS_   0x00031a    program     static main.asm
               _00118_DS_   0x000149    program     static main.asm
               _00122_DS_   0x000143    program     static main.asm
               _00128_DS_   0x0002ae    program     static main.asm
               _00130_DS_   0x0002b1    program     static main.asm
               _00131_DS_   0x0002b3    program     static main.asm
               _00134_DS_   0x0002ba    program     static main.asm
               _00141_DS_   0x0002a0    program     static main.asm
               _00147_DS_   0x000199    program     static main.asm
               _00151_DS_   0x0001a2    program     static main.asm
               _00168_DS_   0x000208    program     static main.asm
               _00170_DS_   0x000214    program     static main.asm
               _00172_DS_   0x00021b    program     static main.asm
               _00175_DS_   0x000220    program     static main.asm
               _00177_DS_   0x000222    program     static main.asm
               _00191_DS_   0x000210    program     static main.asm
               _00203_DS_   0x000286    program     static main.asm
               _00217_DS_   0x000282    program     static main.asm
               _00224_DS_   0x00024c    program     static main.asm
               _00236_DS_   0x0002e1    program     static main.asm
               _00242_DS_   0x000014    program     static main.asm
               _00248_DS_   0x000040    program     static main.asm
               _00249_DS_   0x000042    program     static main.asm
               _00253_DS_   0x000063    program     static main.asm
               _00256_DS_   0x000065    program     static main.asm
               _00258_DS_   0x00007a    program     static main.asm
               _00261_DS_   0x00007c    program     static main.asm
               _00267_DS_   0x00009c    program     static main.asm
               _00270_DS_   0x000093    program     static main.asm
               _00273_DS_   0x00008a    program     static main.asm
               _00277_DS_   0x0000a4    program     static main.asm
                  _ADCKCS   0x000087       data     extern pic18p110l.asm
              _ADCKCSbits   0x000087       data     extern pic18p110l.asm
                  _ADCON0   0x00001f       data     extern pic18p110l.asm
              _ADCON0bits   0x00001f       data     extern pic18p110l.asm
                  _ADCON1   0x00009f       data     extern pic18p110l.asm
              _ADCON1bits   0x00009f       data     extern pic18p110l.asm
                  _ADRESH   0x00001e       data     extern pic18p110l.asm
                  _ADRESL   0x00009e       data     extern pic18p110l.asm
                   _ANSEL   0x00009d       data     extern pic18p110l.asm
               _ANSELbits   0x00009d       data     extern pic18p110l.asm
              _AdjustGear   0x00018a    program     extern main.asm
                 _CCP1CON   0x000017       data     extern pic18p110l.asm
             _CCP1CONbits   0x000017       data     extern pic18p110l.asm
                 _CCP2CON   0x00001d       data     extern pic18p110l.asm
             _CCP2CONbits   0x00001d       data     extern pic18p110l.asm
                  _CCPR1H   0x000016       data     extern pic18p110l.asm
                  _CCPR1L   0x000015       data     extern pic18p110l.asm
                  _CCPR2H   0x00001c       data     extern pic18p110l.asm
                  _CCPR2L   0x00001b       data     extern pic18p110l.asm
                _ChIntput   0x0001f8    program     extern main.asm
                 _DelayMs   0x000304    program     extern main.asm
               _DelayUs2x   0x00032f    program     extern main.asm
                     _FSR   0x000004       data     extern pic18p110l.asm
                    _Gear   0x00003b       data     extern main.asm
              _Gear4_temp   0x00003a       data     extern main.asm
                    _INDF   0x000000       data     extern pic18p110l.asm
                  _INTCON   0x00000b       data     extern pic18p110l.asm
              _INTCONbits   0x00000b       data     extern pic18p110l.asm
                    _IOCB   0x000014       data     extern pic18p110l.asm
                _IOCBbits   0x000014       data     extern pic18p110l.asm
                    _Intr   0x000004    program     extern main.asm
                 _KeyScan   0x0002a1    program     extern main.asm
                _Key_Mode   0x0000a0       data     extern main.asm
                  _OPTION   0x000081       data     extern pic18p110l.asm
              _OPTIONbits   0x000081       data     extern pic18p110l.asm
                  _OSCCON   0x000090       data     extern pic18p110l.asm
              _OSCCONbits   0x000090       data     extern pic18p110l.asm
                     _PCL   0x000002       data     extern pic18p110l.asm
                  _PCLATH   0x00000a       data     extern pic18p110l.asm
                    _PCON   0x00008e       data     extern pic18p110l.asm
                _PCONbits   0x00008e       data     extern pic18p110l.asm
                    _PIE1   0x00008c       data     extern pic18p110l.asm
                _PIE1bits   0x00008c       data     extern pic18p110l.asm
                    _PIE2   0x00008d       data     extern pic18p110l.asm
                _PIE2bits   0x00008d       data     extern pic18p110l.asm
                    _PIR1   0x00000c       data     extern pic18p110l.asm
                _PIR1bits   0x00000c       data     extern pic18p110l.asm
                    _PIR2   0x00000d       data     extern pic18p110l.asm
                _PIR2bits   0x00000d       data     extern pic18p110l.asm
                  _PMADRH   0x000097       data     extern pic18p110l.asm
                  _PMADRL   0x000096       data     extern pic18p110l.asm
                   _PMCON   0x000098       data     extern pic18p110l.asm
               _PMCONbits   0x000098       data     extern pic18p110l.asm
                  _PMDATH   0x000095       data     extern pic18p110l.asm
                  _PMDATL   0x000094       data     extern pic18p110l.asm
                   _PORTA   0x000005       data     extern pic18p110l.asm
               _PORTAbits   0x000005       data     extern pic18p110l.asm
                   _PORTB   0x000006       data     extern pic18p110l.asm
               _PORTBbits   0x000006       data     extern pic18p110l.asm
                  _PR1CON   0x000019       data     extern pic18p110l.asm
              _PR1CONbits   0x000019       data     extern pic18p110l.asm
                    _PR1L   0x000018       data     extern pic18p110l.asm
                     _PR2   0x000092       data     extern pic18p110l.asm
              _Pwm1_Count   0x000038       data     extern main.asm
         _Pwm1_Duty_Ratio   0x00002a       data     extern main.asm
              _Pwm2_Count   0x000039       data     extern main.asm
         _Pwm2_Duty_Ratio   0x00002f       data     extern main.asm
                _RedFlash   0x000287    program     extern main.asm
               _Red_Flash   0x0000a4       data     extern main.asm
                  _STATUS   0x000003       data     extern pic18p110l.asm
              _STATUSbits   0x000003       data     extern pic18p110l.asm
               _SleepMode   0x000223    program     extern main.asm
                      _T0   0x000001       data     extern pic18p110l.asm
                   _T1CON   0x000010       data     extern pic18p110l.asm
               _T1CONbits   0x000010       data     extern pic18p110l.asm
                  _T1GCON   0x00008f       data     extern pic18p110l.asm
              _T1GCONbits   0x00008f       data     extern pic18p110l.asm
                     _T1H   0x00000f       data     extern pic18p110l.asm
                     _T1L   0x00000e       data     extern pic18p110l.asm
                      _T2   0x000011       data     extern pic18p110l.asm
                   _T2CON   0x000012       data     extern pic18p110l.asm
               _T2CONbits   0x000012       data     extern pic18p110l.asm
                   _TRISA   0x000085       data     extern pic18p110l.asm
               _TRISAbits   0x000085       data     extern pic18p110l.asm
                   _TRISB   0x000086       data     extern pic18p110l.asm
               _TRISBbits   0x000086       data     extern pic18p110l.asm
              _Time_500MS   0x00003d       data     extern main.asm
               _Time_Seep   0x0000a3       data     extern main.asm
                    _WPUA   0x000093       data     extern pic18p110l.asm
                _WPUAbits   0x000093       data     extern pic18p110l.asm
                    _WPUB   0x000013       data     extern pic18p110l.asm
                _WPUBbits   0x000013       data     extern pic18p110l.asm
        ___sdcc_saved_fsr   0x0000a6       data     extern libsdcc_a-shadowregs.asm
            __codeptrget1   0x0001f3    program     extern _gptrget1.S
            __codeptrget2   0x0001d6    program     static _gptrget2.S
            __dataptrget1   0x0001ec    program     static _gptrget1.S
            __dataptrget2   0x0001cc    program     static _gptrget2.S
                __gptrget   0x0001e5    program     extern _gptrget1.S
               __gptrget1   0x0001e5    program     extern _gptrget1.S
               __gptrget2   0x0001c4    program     extern _gptrget2.S
    __sdcc_gsinit_startup   0x0000b0    program     extern ../libsdcc_a-idata.asm
         __sdcc_interrupt   0x000004    program     static main.asm
                 _adc_get   0x000134    program     extern main.asm
               _adc_value   0x000034       data     extern main.asm
               _batt_test   0x00026d    program     extern main.asm
                   _cinit   0x00024d    program     extern 
                 _databuf   0x000036       data     extern main.asm
                   _flag1   0x0000a1       data     extern main.asm
                   _flag2   0x0000a2       data     extern main.asm
             _force_cinit   0x0000a5       data     static ../libsdcc_a-idata.asm
               _initValue   0x00031b    program     extern main.asm
                  _inital   0x0002bb    program     extern inital.asm
          _key_press_time   0x00003e       data     extern main.asm
                    _main   0x0002d4    program     extern main.asm
              _sysinitial   0x0002ed    program     extern inital.asm
                _time_2ms   0x00003c       data     extern main.asm
                  r0x101B   0x000020       data     static main.asm
                  r0x101C   0x000021       data     static main.asm
                  r0x101D   0x000023       data     static main.asm
                  r0x101E   0x000022       data     static main.asm
                  r0x101F   0x000024       data     static main.asm
                  r0x1020   0x000025       data     static main.asm
                  r0x1021   0x000026       data     static main.asm
                  r0x1023   0x000027       data     static main.asm
                  r0x1024   0x000028       data     static main.asm
                  r0x1025   0x000029       data     static main.asm



                              Symbols - Sorted by Address
                     Name    Address   Location    Storage File
                ---------  ---------  ---------  --------- ---------
                    _INDF   0x000000       data     extern pic18p110l.asm
                      _T0   0x000001       data     extern pic18p110l.asm
                     _PCL   0x000002       data     extern pic18p110l.asm
                  _STATUS   0x000003       data     extern pic18p110l.asm
              _STATUSbits   0x000003       data     extern pic18p110l.asm
         __sdcc_interrupt   0x000004    program     static main.asm
                     _FSR   0x000004       data     extern pic18p110l.asm
                    _Intr   0x000004    program     extern main.asm
                   _PORTA   0x000005       data     extern pic18p110l.asm
               _PORTAbits   0x000005       data     extern pic18p110l.asm
                   _PORTB   0x000006       data     extern pic18p110l.asm
               _PORTBbits   0x000006       data     extern pic18p110l.asm
                  _PCLATH   0x00000a       data     extern pic18p110l.asm
                  _INTCON   0x00000b       data     extern pic18p110l.asm
              _INTCONbits   0x00000b       data     extern pic18p110l.asm
                    _PIR1   0x00000c       data     extern pic18p110l.asm
                _PIR1bits   0x00000c       data     extern pic18p110l.asm
                    _PIR2   0x00000d       data     extern pic18p110l.asm
                _PIR2bits   0x00000d       data     extern pic18p110l.asm
                     _T1L   0x00000e       data     extern pic18p110l.asm
                     _T1H   0x00000f       data     extern pic18p110l.asm
               _T1CONbits   0x000010       data     extern pic18p110l.asm
                   _T1CON   0x000010       data     extern pic18p110l.asm
                      _T2   0x000011       data     extern pic18p110l.asm
               _T2CONbits   0x000012       data     extern pic18p110l.asm
                   _T2CON   0x000012       data     extern pic18p110l.asm
                    _WPUB   0x000013       data     extern pic18p110l.asm
                _WPUBbits   0x000013       data     extern pic18p110l.asm
                _IOCBbits   0x000014       data     extern pic18p110l.asm
               _00242_DS_   0x000014    program     static main.asm
                    _IOCB   0x000014       data     extern pic18p110l.asm
                  _CCPR1L   0x000015       data     extern pic18p110l.asm
                  _CCPR1H   0x000016       data     extern pic18p110l.asm
                 _CCP1CON   0x000017       data     extern pic18p110l.asm
             _CCP1CONbits   0x000017       data     extern pic18p110l.asm
                    _PR1L   0x000018       data     extern pic18p110l.asm
              _PR1CONbits   0x000019       data     extern pic18p110l.asm
                  _PR1CON   0x000019       data     extern pic18p110l.asm
                  _CCPR2L   0x00001b       data     extern pic18p110l.asm
                  _CCPR2H   0x00001c       data     extern pic18p110l.asm
             _CCP2CONbits   0x00001d       data     extern pic18p110l.asm
                 _CCP2CON   0x00001d       data     extern pic18p110l.asm
                  _ADRESH   0x00001e       data     extern pic18p110l.asm
              _ADCON0bits   0x00001f       data     extern pic18p110l.asm
                  _ADCON0   0x00001f       data     extern pic18p110l.asm
                  r0x101B   0x000020       data     static main.asm
                  r0x101C   0x000021       data     static main.asm
                  r0x101E   0x000022       data     static main.asm
                  r0x101D   0x000023       data     static main.asm
                  r0x101F   0x000024       data     static main.asm
                  r0x1020   0x000025       data     static main.asm
                  r0x1021   0x000026       data     static main.asm
                  r0x1023   0x000027       data     static main.asm
                  r0x1024   0x000028       data     static main.asm
                  r0x1025   0x000029       data     static main.asm
         _Pwm1_Duty_Ratio   0x00002a       data     extern main.asm
         _Pwm2_Duty_Ratio   0x00002f       data     extern main.asm
               _adc_value   0x000034       data     extern main.asm
                 _databuf   0x000036       data     extern main.asm
              _Pwm1_Count   0x000038       data     extern main.asm
              _Pwm2_Count   0x000039       data     extern main.asm
              _Gear4_temp   0x00003a       data     extern main.asm
                    _Gear   0x00003b       data     extern main.asm
                _time_2ms   0x00003c       data     extern main.asm
              _Time_500MS   0x00003d       data     extern main.asm
          _key_press_time   0x00003e       data     extern main.asm
               _00248_DS_   0x000040    program     static main.asm
                    PSAVE   0x000040       data     extern main.asm
                    SSAVE   0x000041       data     extern main.asm
                    WSAVE   0x000042       data     extern main.asm
               _00249_DS_   0x000042    program     static main.asm
                    STK12   0x000043       data     extern main.asm
                    STK11   0x000044       data     extern main.asm
                    STK10   0x000045       data     extern main.asm
                    STK09   0x000046       data     extern main.asm
                    STK08   0x000047       data     extern main.asm
                    STK07   0x000048       data     extern main.asm
                    STK06   0x000049       data     extern main.asm
                    STK05   0x00004a       data     extern main.asm
                    STK04   0x00004b       data     extern main.asm
                    STK03   0x00004c       data     extern main.asm
                    STK02   0x00004d       data     extern main.asm
                    STK01   0x00004e       data     extern main.asm
                    STK00   0x00004f       data     extern main.asm
               _00253_DS_   0x000063    program     static main.asm
               _00256_DS_   0x000065    program     static main.asm
               _00258_DS_   0x00007a    program     static main.asm
               _00261_DS_   0x00007c    program     static main.asm
                  _OPTION   0x000081       data     extern pic18p110l.asm
              _OPTIONbits   0x000081       data     extern pic18p110l.asm
                   _TRISA   0x000085       data     extern pic18p110l.asm
               _TRISAbits   0x000085       data     extern pic18p110l.asm
                   _TRISB   0x000086       data     extern pic18p110l.asm
               _TRISBbits   0x000086       data     extern pic18p110l.asm
              _ADCKCSbits   0x000087       data     extern pic18p110l.asm
                  _ADCKCS   0x000087       data     extern pic18p110l.asm
               _00273_DS_   0x00008a    program     static main.asm
                    _PIE1   0x00008c       data     extern pic18p110l.asm
                _PIE1bits   0x00008c       data     extern pic18p110l.asm
                    _PIE2   0x00008d       data     extern pic18p110l.asm
                _PIE2bits   0x00008d       data     extern pic18p110l.asm
                _PCONbits   0x00008e       data     extern pic18p110l.asm
                    _PCON   0x00008e       data     extern pic18p110l.asm
                  _T1GCON   0x00008f       data     extern pic18p110l.asm
              _T1GCONbits   0x00008f       data     extern pic18p110l.asm
              _OSCCONbits   0x000090       data     extern pic18p110l.asm
                  _OSCCON   0x000090       data     extern pic18p110l.asm
                     _PR2   0x000092       data     extern pic18p110l.asm
               _00270_DS_   0x000093    program     static main.asm
                    _WPUA   0x000093       data     extern pic18p110l.asm
                _WPUAbits   0x000093       data     extern pic18p110l.asm
                  _PMDATL   0x000094       data     extern pic18p110l.asm
                  _PMDATH   0x000095       data     extern pic18p110l.asm
                  _PMADRL   0x000096       data     extern pic18p110l.asm
                  _PMADRH   0x000097       data     extern pic18p110l.asm
                   _PMCON   0x000098       data     extern pic18p110l.asm
               _PMCONbits   0x000098       data     extern pic18p110l.asm
               _00267_DS_   0x00009c    program     static main.asm
                   _ANSEL   0x00009d       data     extern pic18p110l.asm
               _ANSELbits   0x00009d       data     extern pic18p110l.asm
                  _ADRESL   0x00009e       data     extern pic18p110l.asm
              _ADCON1bits   0x00009f       data     extern pic18p110l.asm
                  _ADCON1   0x00009f       data     extern pic18p110l.asm
                _Key_Mode   0x0000a0       data     extern main.asm
                   _flag1   0x0000a1       data     extern main.asm
                   _flag2   0x0000a2       data     extern main.asm
               _Time_Seep   0x0000a3       data     extern main.asm
               _Red_Flash   0x0000a4       data     extern main.asm
               _00277_DS_   0x0000a4    program     static main.asm
             _force_cinit   0x0000a5       data     static ../libsdcc_a-idata.asm
        ___sdcc_saved_fsr   0x0000a6       data     extern libsdcc_a-shadowregs.asm
         END_OF_INTERRUPT   0x0000af    program     static main.asm
    __sdcc_gsinit_startup   0x0000b0    program     extern ../libsdcc_a-idata.asm
               _00108_DS_   0x0000bf    program     static ../libsdcc_a-idata.asm
               _00105_DS_   0x000100    program     static ../libsdcc_a-idata.asm
               _00107_DS_   0x00012b    program     static ../libsdcc_a-idata.asm
               _00110_DS_   0x000132    program     static ../libsdcc_a-idata.asm
                 _adc_get   0x000134    program     extern main.asm
               _00122_DS_   0x000143    program     static main.asm
               _00118_DS_   0x000149    program     static main.asm
               _00005_DS_   0x000175    program     static main.asm
              _AdjustGear   0x00018a    program     extern main.asm
               _00147_DS_   0x000199    program     static main.asm
               _00151_DS_   0x0001a2    program     static main.asm
               _00001_DS_   0x0001bc    program     static main.asm
               _00002_DS_   0x0001c3    program     static main.asm
               __gptrget2   0x0001c4    program     extern _gptrget2.S
            __dataptrget2   0x0001cc    program     static _gptrget2.S
            __codeptrget2   0x0001d6    program     static _gptrget2.S
                __gptrget   0x0001e5    program     extern _gptrget1.S
               __gptrget1   0x0001e5    program     extern _gptrget1.S
            __dataptrget1   0x0001ec    program     static _gptrget1.S
            __codeptrget1   0x0001f3    program     extern _gptrget1.S
                _ChIntput   0x0001f8    program     extern main.asm
               _00168_DS_   0x000208    program     static main.asm
               _00191_DS_   0x000210    program     static main.asm
               _00170_DS_   0x000214    program     static main.asm
               _00172_DS_   0x00021b    program     static main.asm
               _00175_DS_   0x000220    program     static main.asm
               _00177_DS_   0x000222    program     static main.asm
               _SleepMode   0x000223    program     extern main.asm
               _00224_DS_   0x00024c    program     static main.asm
                   _cinit   0x00024d    program     extern 
               _batt_test   0x00026d    program     extern main.asm
               _00217_DS_   0x000282    program     static main.asm
               _00203_DS_   0x000286    program     static main.asm
                _RedFlash   0x000287    program     extern main.asm
               _00003_DS_   0x000291    program     static main.asm
               _00004_DS_   0x000295    program     static main.asm
               _00141_DS_   0x0002a0    program     static main.asm
                 _KeyScan   0x0002a1    program     extern main.asm
               _00128_DS_   0x0002ae    program     static main.asm
               _00130_DS_   0x0002b1    program     static main.asm
               _00131_DS_   0x0002b3    program     static main.asm
               _00134_DS_   0x0002ba    program     static main.asm
                  _inital   0x0002bb    program     extern inital.asm
                    _main   0x0002d4    program     extern main.asm
               _00236_DS_   0x0002e1    program     static main.asm
              _sysinitial   0x0002ed    program     extern inital.asm
                 _DelayMs   0x000304    program     extern main.asm
               _00110_DS_   0x000308    program     static main.asm
               _00113_DS_   0x00031a    program     static main.asm
               _initValue   0x00031b    program     extern main.asm
               _DelayUs2x   0x00032f    program     extern main.asm
               _00105_DS_   0x000331    program     static main.asm


